// Jest Snapshot v1, https://goo.gl/fbAQLP

exports[`actions handleStartCar returns type HANDLE_START_CAR with payload 1`] = `
Object {
  "type": "HANDLE_START_CAR",
}
`;
